[    6704ms] [LOG] Running frontend commit 14335f32b74ee25bb0943f894b78e9bb1adbbe56 @ https://www.figma.com/design/8JZv0oAI7whE2IZRhtXtUO/%D0%90%D0%BD%D0%BA%D0%B5%D1%82%D0%B0-%E2%80%BA-%D0%A1%D0%B5%D0%BA%D1%80%D0%B5%D1%82%D0%BD%D1%8B%D0%B9-%D0%BF%D1%80%D0%BE%D0%B5%D0%BA%D1%82?node-id=2724-22542&t=8V7o7xbjQeMoqrQQ-1:652
[    7271ms] [WARNING] Statsig is not ready to log exposures, will retry in 1 seconds @ https://www.figma.com/webpack-artifacts/assets/vendor-core-c62607e1644d1565.min.js.br:53
[    7315ms] [LOG] Loaded 184 scripts (11599399b), 184 from cache (11599399b) @ https://www.figma.com/webpack-artifacts/assets/vendor-core-c62607e1644d1565.min.js.br:53
[    7466ms] [LOG] [import] git: 14335f32b74ee25bb0943f894b78e9bb1adbbe56, stamp: EA015E22386F4CF0 @ https://www.figma.com/webpack-artifacts/assets/vendor-core-c62607e1644d1565.min.js.br:53
[    7615ms] [ERROR] Failed to load resource: the server responded with a status of 403 (Forbidden) @ https://browser-intake-datadoghq.com/api/v2/rum:0
[    7832ms] [INFO] [Fullscreen] Booting... (emscripten version 4.0.21) @ https://www.figma.com/webpack-artifacts/assets/vendor-core-c62607e1644d1565.min.js.br:53
[    7887ms] [INFO] [GPU] graphicsAPI:"WebGL 2", vendor:"Google Inc. (Apple)", renderer:"ANGLE (Apple, ANGLE Metal Renderer: Apple M1, Unspecified Version)" version:"OpenGL ES 3.0 (WebGL 2.0 (OpenGL ES 3.0 Chromium))" @ https://www.figma.com/webpack-artifacts/assets/vendor-core-c62607e1644d1565.min.js.br:53
[    7891ms] [LOG] [Fullscreen] Ready in 242.5ms @ https://www.figma.com/webpack-artifacts/assets/vendor-core-c62607e1644d1565.min.js.br:53
[    7958ms] [INFO] [FullscreenApp] calling setEditorTheme and setting preference light @ https://www.figma.com/webpack-artifacts/assets/vendor-core-c62607e1644d1565.min.js.br:53
[    7967ms] [INFO] [MultiplayerSession] connecting to wss://www.figma.com/api/multiplayer/8JZv0oAI7whE2IZRhtXtUO?role=editor&tracking_session_id=A5UZsLn8UN8Rpicj&version=196&recentReload=0&file-load-streaming-compression&scenegraph-queries-initial-nodes=2724:22542&client_release=14335f32b74ee25bb0943f894b78e9bb1adbbe56 @ https://www.figma.com/webpack-artifacts/assets/vendor-core-c62607e1644d1565.min.js.br:53
[    7968ms] [INFO] [FullscreenApp] calling setEditorTheme and setting preference light @ https://www.figma.com/webpack-artifacts/assets/vendor-core-c62607e1644d1565.min.js.br:53
[    8692ms] [ERROR] Failed to load resource: the server responded with a status of 401 () @ https://www.figma.com/api/design_systems/libraries_by_library_keys:0
[   11470ms] [INFO] [MultiplayerSession] Joining file version 106 (initial load) @ https://www.figma.com/webpack-artifacts/assets/vendor-core-c62607e1644d1565.min.js.br:53
[   12583ms] [LOG] Migration succeeded: context: fullscreen_migrate_SceneGraphManager, version: 106, duration: 0ms. @ https://www.figma.com/webpack-artifacts/assets/vendor-core-c62607e1644d1565.min.js.br:53
[   13610ms] [WARNING] Canvas2D: Multiple readback operations using getImageData are faster with the willReadFrequently attribute set to true. See: https://html.spec.whatwg.org/multipage/canvas.html#concept-canvas-will-read-frequently @ https://static.figma.com/fullscreen/45bb99ca9a383d07be5217cebe88441c945b6c92/fullscreen-harfbuzz-12-3-0/compiled_wasm.js.br:1
[   13628ms] [WARNING] Canvas2D: Multiple readback operations using getImageData are faster with the willReadFrequently attribute set to true. See: https://html.spec.whatwg.org/multipage/canvas.html#concept-canvas-will-read-frequently @ https://static.figma.com/fullscreen/45bb99ca9a383d07be5217cebe88441c945b6c92/fullscreen-harfbuzz-12-3-0/compiled_wasm.js.br:1
[   13720ms] [INFO] afterJoinEnd PageSyncing: Loaded incrementally {loaded_pages: 1:3} @ https://www.figma.com/webpack-artifacts/assets/vendor-core-c62607e1644d1565.min.js.br:53
[   14111ms] [LOG] [Fullscreen] loadtime=13.68s maxmem=127293068 @ https://www.figma.com/webpack-artifacts/assets/vendor-core-c62607e1644d1565.min.js.br:53
[   14217ms] [ERROR] Failed to load resource: the server responded with a status of 401 () @ https://www.figma.com/api/files/batch:0
[ 1222532ms] [LOG] [Livegraph] Connection closed. Code: 1006, reason:  @ https://www.figma.com/webpack-artifacts/assets/vendor-core-c62607e1644d1565.min.js.br:53
[ 1224614ms] [INFO] [MultiplayerSession] connecting to wss://www.figma.com/api/multiplayer/8JZv0oAI7whE2IZRhtXtUO?role=editor&tracking_session_id=A5UZsLn8UN8Rpicj&version=196&recentReload=0&file-load-streaming-compression=&scenegraph-queries-initial-nodes=1%3A3&client_release=14335f32b74ee25bb0943f894b78e9bb1adbbe56&reconnect-key=9d85ff968a2d18e25bbf55dbd63e4fa25bddcf5c&reconnect-sequence-number=86428&initialFileVersion=106&previousLoadMode=incremental&incremental-loading-validation=0 @ https://www.figma.com/webpack-artifacts/assets/vendor-core-c62607e1644d1565.min.js.br:53
[ 1225753ms] [INFO] [MultiplayerSession] Joining file version 106 (skip_reload reconnect) @ https://www.figma.com/webpack-artifacts/assets/vendor-core-c62607e1644d1565.min.js.br:53
[ 1225776ms] [INFO] afterJoinEnd PageSyncing: Loaded incrementally {loaded_pages: 1:3} @ https://www.figma.com/webpack-artifacts/assets/vendor-core-c62607e1644d1565.min.js.br:53
