[    1246ms] [LOG] Running frontend commit 14335f32b74ee25bb0943f894b78e9bb1adbbe56 @ https://www.figma.com/proto/8JZv0oAI7whE2IZRhtXtUO/%D0%90%D0%BD%D0%BA%D0%B5%D1%82%D0%B0-%E2%80%BA-%D0%A1%D0%B5%D0%BA%D1%80%D0%B5%D1%82%D0%BD%D1%8B%D0%B9-%D0%BF%D1%80%D0%BE%D0%B5%D0%BA%D1%82?node-id=2708-21601&scaling=contain&hide-ui=1:550
[    2281ms] [WARNING] Statsig is not ready to log exposures, will retry in 1 seconds @ https://www.figma.com/webpack-artifacts/assets/vendor-core-c62607e1644d1565.min.js.br:53
[    2409ms] [LOG] [import] git: 14335f32b74ee25bb0943f894b78e9bb1adbbe56, stamp: EA015E22386F4CF0 @ https://www.figma.com/webpack-artifacts/assets/vendor-core-c62607e1644d1565.min.js.br:53
[    2974ms] [VERBOSE] Rendering was performed in a subtree hidden by content-visibility. @ :3338
[    2977ms] [VERBOSE] Rendering was performed in a subtree hidden by content-visibility. @ :2992
[    2978ms] [VERBOSE] Rendering was performed in a subtree hidden by content-visibility. @ :2992
[    2978ms] [VERBOSE] Rendering was performed in a subtree hidden by content-visibility. @ :2992
[    2978ms] [VERBOSE] Rendering was performed in a subtree hidden by content-visibility. @ :2992
[    2978ms] [VERBOSE] Rendering was performed in a subtree hidden by content-visibility. @ :2992
[    2978ms] [VERBOSE] Rendering was performed in a subtree hidden by content-visibility. @ :2992
[    3041ms] [INFO] [PrototypeLib] Booting... (emscripten version 4.0.21) @ https://www.figma.com/webpack-artifacts/assets/vendor-core-c62607e1644d1565.min.js.br:53
[    3078ms] [INFO] [GPU] graphicsAPI:"WebGL 2", vendor:"Google Inc. (Apple)", renderer:"ANGLE (Apple, ANGLE Metal Renderer: Apple M1, Unspecified Version)" version:"OpenGL ES 2.0 (WebGL 2.0 (OpenGL ES 3.0 Chromium))" @ https://www.figma.com/webpack-artifacts/assets/vendor-core-c62607e1644d1565.min.js.br:53
[    3606ms] [ERROR] Failed to load resource: the server responded with a status of 403 (Forbidden) @ https://browser-intake-datadoghq.com/api/v2/rum:0
[   10354ms] [ERROR] Failed to load resource: the server responded with a status of 401 () @ https://www.figma.com/api/files/8JZv0oAI7whE2IZRhtXtUO/prototype/view:0
[   12496ms] [VERBOSE] Rendering was performed in a subtree hidden by content-visibility. @ :3338
[   12497ms] [VERBOSE] Rendering was performed in a subtree hidden by content-visibility. @ :2992
[   12497ms] [VERBOSE] Rendering was performed in a subtree hidden by content-visibility. @ :2992
[   12498ms] [VERBOSE] Rendering was performed in a subtree hidden by content-visibility. @ :2992
[   12498ms] [VERBOSE] Rendering was performed in a subtree hidden by content-visibility. @ :2992
[   12499ms] [VERBOSE] Rendering was performed in a subtree hidden by content-visibility. @ :2992
[   12499ms] [VERBOSE] Rendering was performed in a subtree hidden by content-visibility. @ :2992
[   16086ms] [VERBOSE] Rendering was performed in a subtree hidden by content-visibility. @ :2992
[   16087ms] [VERBOSE] Rendering was performed in a subtree hidden by content-visibility. @ :2992
[   16087ms] [VERBOSE] Rendering was performed in a subtree hidden by content-visibility. @ :2992
[   16087ms] [VERBOSE] Rendering was performed in a subtree hidden by content-visibility. @ :2992
[   16087ms] [VERBOSE] Rendering was performed in a subtree hidden by content-visibility. @ :2992
[   16087ms] [VERBOSE] Rendering was performed in a subtree hidden by content-visibility. @ :2992
[ 1024813ms] [LOG] reconnecting with reconnect key 5ac4cad6cee3afe13ba7885f30f240fff421356a @ https://www.figma.com/webpack-artifacts/assets/vendor-core-c62607e1644d1565.min.js.br:53
[ 2388861ms] [LOG] [Livegraph] Connection closed. Code: 1006, reason:  @ https://www.figma.com/webpack-artifacts/assets/vendor-core-c62607e1644d1565.min.js.br:53
[ 2389862ms] [LOG] reconnecting with reconnect key 5ac4cad6cee3afe13ba7885f30f240fff421356a @ https://www.figma.com/webpack-artifacts/assets/vendor-core-c62607e1644d1565.min.js.br:53
[ 2510525ms] [LOG] [Livegraph] Connection closed. Code: 1006, reason:  @ https://www.figma.com/webpack-artifacts/assets/vendor-core-c62607e1644d1565.min.js.br:53
[ 2511544ms] [LOG] reconnecting with reconnect key 5ac4cad6cee3afe13ba7885f30f240fff421356a @ https://www.figma.com/webpack-artifacts/assets/vendor-core-c62607e1644d1565.min.js.br:53
[ 3095714ms] [LOG] [Livegraph] Connection closed. Code: 1006, reason:  @ https://www.figma.com/webpack-artifacts/assets/vendor-core-c62607e1644d1565.min.js.br:53
[ 3096729ms] [LOG] reconnecting with reconnect key 5ac4cad6cee3afe13ba7885f30f240fff421356a @ https://www.figma.com/webpack-artifacts/assets/vendor-core-c62607e1644d1565.min.js.br:53
[ 3432413ms] [LOG] [Livegraph] Connection closed. Code: 1006, reason:  @ https://www.figma.com/webpack-artifacts/assets/vendor-core-c62607e1644d1565.min.js.br:53
[ 3433415ms] [LOG] reconnecting with reconnect key 5ac4cad6cee3afe13ba7885f30f240fff421356a @ https://www.figma.com/webpack-artifacts/assets/vendor-core-c62607e1644d1565.min.js.br:53
[ 3728946ms] [LOG] [Livegraph] Connection closed. Code: 1006, reason:  @ https://www.figma.com/webpack-artifacts/assets/vendor-core-c62607e1644d1565.min.js.br:53
[ 3729949ms] [LOG] reconnecting with reconnect key 5ac4cad6cee3afe13ba7885f30f240fff421356a @ https://www.figma.com/webpack-artifacts/assets/vendor-core-c62607e1644d1565.min.js.br:53
