[    1359ms] [LOG] Running frontend commit 14335f32b74ee25bb0943f894b78e9bb1adbbe56 @ https://www.figma.com/design/8JZv0oAI7whE2IZRhtXtUO/%D0%90%D0%BD%D0%BA%D0%B5%D1%82%D0%B0-%E2%80%BA-%D0%A1%D0%B5%D0%BA%D1%80%D0%B5%D1%82%D0%BD%D1%8B%D0%B9-%D0%BF%D1%80%D0%BE%D0%B5%D0%BA%D1%82?node-id=2708-22201:652
[    1991ms] [WARNING] Statsig is not ready to log exposures, will retry in 1 seconds @ https://www.figma.com/webpack-artifacts/assets/vendor-core-c62607e1644d1565.min.js.br:53
[    2124ms] [LOG] [import] git: 14335f32b74ee25bb0943f894b78e9bb1adbbe56, stamp: EA015E22386F4CF0 @ https://www.figma.com/webpack-artifacts/assets/vendor-core-c62607e1644d1565.min.js.br:53
[    2192ms] [LOG] Loaded 204 scripts (12185307b), 204 from cache (12185307b) @ https://www.figma.com/webpack-artifacts/assets/vendor-core-c62607e1644d1565.min.js.br:53
[    2327ms] [INFO] [Fullscreen] Booting... (emscripten version 4.0.21) @ https://www.figma.com/webpack-artifacts/assets/vendor-core-c62607e1644d1565.min.js.br:53
[    2356ms] [INFO] [GPU] graphicsAPI:"WebGL 2", vendor:"Google Inc. (Apple)", renderer:"ANGLE (Apple, ANGLE Metal Renderer: Apple M1, Unspecified Version)" version:"OpenGL ES 3.0 (WebGL 2.0 (OpenGL ES 3.0 Chromium))" @ https://www.figma.com/webpack-artifacts/assets/vendor-core-c62607e1644d1565.min.js.br:53
[    2359ms] [LOG] [Fullscreen] Ready in 37.5ms @ https://www.figma.com/webpack-artifacts/assets/vendor-core-c62607e1644d1565.min.js.br:53
[    2425ms] [INFO] [FullscreenApp] calling setEditorTheme and setting preference light @ https://www.figma.com/webpack-artifacts/assets/vendor-core-c62607e1644d1565.min.js.br:53
[    2432ms] [INFO] [MultiplayerSession] connecting to wss://www.figma.com/api/multiplayer/8JZv0oAI7whE2IZRhtXtUO?role=editor&tracking_session_id=CIBru8HMnLETR3ev&version=196&recentReload=0&file-load-streaming-compression&scenegraph-queries-initial-nodes=2708:22201&client_release=14335f32b74ee25bb0943f894b78e9bb1adbbe56 @ https://www.figma.com/webpack-artifacts/assets/vendor-core-c62607e1644d1565.min.js.br:53
[    2433ms] [INFO] [FullscreenApp] calling setEditorTheme and setting preference light @ https://www.figma.com/webpack-artifacts/assets/vendor-core-c62607e1644d1565.min.js.br:53
[    2985ms] [ERROR] Failed to load resource: the server responded with a status of 403 (Forbidden) @ https://browser-intake-datadoghq.com/api/v2/rum:0
[    3360ms] [ERROR] Failed to load resource: the server responded with a status of 401 () @ https://www.figma.com/api/design_systems/libraries_by_library_keys:0
[    4816ms] [INFO] [MultiplayerSession] Joining file version 106 (initial load) @ https://www.figma.com/webpack-artifacts/assets/vendor-core-c62607e1644d1565.min.js.br:53
[    5880ms] [LOG] Migration succeeded: context: fullscreen_migrate_SceneGraphManager, version: 106, duration: 0ms. @ https://www.figma.com/webpack-artifacts/assets/vendor-core-c62607e1644d1565.min.js.br:53
[    6905ms] [WARNING] Canvas2D: Multiple readback operations using getImageData are faster with the willReadFrequently attribute set to true. See: https://html.spec.whatwg.org/multipage/canvas.html#concept-canvas-will-read-frequently @ https://static.figma.com/fullscreen/45bb99ca9a383d07be5217cebe88441c945b6c92/fullscreen-harfbuzz-12-3-0/compiled_wasm.js.br:1
[    6925ms] [WARNING] Canvas2D: Multiple readback operations using getImageData are faster with the willReadFrequently attribute set to true. See: https://html.spec.whatwg.org/multipage/canvas.html#concept-canvas-will-read-frequently @ https://static.figma.com/fullscreen/45bb99ca9a383d07be5217cebe88441c945b6c92/fullscreen-harfbuzz-12-3-0/compiled_wasm.js.br:1
[    7026ms] [INFO] afterJoinEnd PageSyncing: Loaded incrementally {loaded_pages: 1:3} @ https://www.figma.com/webpack-artifacts/assets/vendor-core-c62607e1644d1565.min.js.br:53
[    7419ms] [LOG] [Fullscreen] loadtime=6.98s maxmem=126586480 @ https://www.figma.com/webpack-artifacts/assets/vendor-core-c62607e1644d1565.min.js.br:53
[    7448ms] [ERROR] Failed to load resource: the server responded with a status of 401 () @ https://www.figma.com/api/mobile_app_push/8JZv0oAI7whE2IZRhtXtUO:0
[    7454ms] [ERROR] Failed to load resource: the server responded with a status of 401 () @ https://www.figma.com/api/files/batch:0
[    7534ms] E: XHR for "/api/mobile_app_push/8JZv0oAI7whE2IZRhtXtUO" failed with status 401
    at C (https://www.figma.com/webpack-artifacts/assets/7486-5f26a7a0c6b3a7e1.min.js.br:1317:18610)
    at async Object.o [as post] (https://www.figma.com/webpack-artifacts/assets/7486-5f26a7a0c6b3a7e1.min.js.br:1317:19934)
[  416848ms] [LOG] [Livegraph] Connection closed. Code: 1006, reason:  @ https://www.figma.com/webpack-artifacts/assets/vendor-core-c62607e1644d1565.min.js.br:53
[  418430ms] [INFO] [MultiplayerSession] connecting to wss://www.figma.com/api/multiplayer/8JZv0oAI7whE2IZRhtXtUO?role=editor&tracking_session_id=CIBru8HMnLETR3ev&version=196&recentReload=0&file-load-streaming-compression=&scenegraph-queries-initial-nodes=1%3A3&client_release=14335f32b74ee25bb0943f894b78e9bb1adbbe56&reconnect-key=869bd7be950f1921d9a586c578f829ddb97cbd3d&reconnect-sequence-number=86345&initialFileVersion=106&previousLoadMode=incremental&incremental-loading-validation=0 @ https://www.figma.com/webpack-artifacts/assets/vendor-core-c62607e1644d1565.min.js.br:53
[  455175ms] [INFO] [MultiplayerSession] Joining file version 106 (skip_reload reconnect) @ https://www.figma.com/webpack-artifacts/assets/vendor-core-c62607e1644d1565.min.js.br:53
[  455180ms] [INFO] afterJoinEnd PageSyncing: Loaded incrementally {loaded_pages: 1:3} @ https://www.figma.com/webpack-artifacts/assets/vendor-core-c62607e1644d1565.min.js.br:53
[  687262ms] [INFO] [MultiplayerSession] connecting to wss://www.figma.com/api/multiplayer/8JZv0oAI7whE2IZRhtXtUO?role=editor&tracking_session_id=CIBru8HMnLETR3ev&version=196&recentReload=0&file-load-streaming-compression=&scenegraph-queries-initial-nodes=1%3A3&client_release=14335f32b74ee25bb0943f894b78e9bb1adbbe56&reconnect-key=869bd7be950f1921d9a586c578f829ddb97cbd3d&reconnect-sequence-number=86345&initialFileVersion=106&previousLoadMode=incremental&incremental-loading-validation=0 @ https://www.figma.com/webpack-artifacts/assets/vendor-core-c62607e1644d1565.min.js.br:53
[  688734ms] [INFO] [MultiplayerSession] Joining file version 106 (skip_reload reconnect) @ https://www.figma.com/webpack-artifacts/assets/vendor-core-c62607e1644d1565.min.js.br:53
[  688741ms] [INFO] afterJoinEnd PageSyncing: Loaded incrementally {loaded_pages: 1:3} @ https://www.figma.com/webpack-artifacts/assets/vendor-core-c62607e1644d1565.min.js.br:53
[  808249ms] [INFO] [MultiplayerSession] connecting to wss://www.figma.com/api/multiplayer/8JZv0oAI7whE2IZRhtXtUO?role=editor&tracking_session_id=CIBru8HMnLETR3ev&version=196&recentReload=0&file-load-streaming-compression=&scenegraph-queries-initial-nodes=1%3A3&client_release=14335f32b74ee25bb0943f894b78e9bb1adbbe56&reconnect-key=869bd7be950f1921d9a586c578f829ddb97cbd3d&reconnect-sequence-number=86345&initialFileVersion=106&previousLoadMode=incremental&incremental-loading-validation=0 @ https://www.figma.com/webpack-artifacts/assets/vendor-core-c62607e1644d1565.min.js.br:53
[  809909ms] [INFO] [MultiplayerSession] Joining file version 106 (skip_reload reconnect) @ https://www.figma.com/webpack-artifacts/assets/vendor-core-c62607e1644d1565.min.js.br:53
[  809912ms] [INFO] afterJoinEnd PageSyncing: Loaded incrementally {loaded_pages: 1:3} @ https://www.figma.com/webpack-artifacts/assets/vendor-core-c62607e1644d1565.min.js.br:53
